// Jest Snapshot v1, https://goo.gl/fbAQLP

exports[`test parser hasn't broken 1`] = `
SYNTAX [
  ID [
    "SYNTAX",
  ],
  RULES [
    RULE [
      ID [
        "SYNTAX",
      ],
      EXP [
        ALT [
          SEQ [
            TYPE [
              ALT [
                SEQ [
                  STRING [
                    ".SYNTAX",
                  ],
                  LITERAL [
                    ".ID",
                  ],
                  ID [
                    "RULES",
                  ],
                  STRING [
                    ".END",
                  ],
                ],
              ],
              ID [
                "SYNTAX",
              ],
            ],
          ],
        ],
      ],
    ],
    RULE [
      ID [
        "RULES",
      ],
      EXP [
        ALT [
          SEQ [
            TYPE [
              ALT [
                SEQ [
                  REPEAT [
                    ID [
                      "RULE",
                    ],
                  ],
                ],
              ],
              ID [
                "RULES",
              ],
            ],
          ],
        ],
      ],
    ],
    RULE [
      ID [
        "RULE",
      ],
      EXP [
        ALT [
          SEQ [
            TYPE [
              ALT [
                SEQ [
                  LITERAL [
                    ".ID",
                  ],
                  STRING [
                    "=",
                  ],
                  ID [
                    "RULEEX",
                  ],
                  STRING [
                    ";",
                  ],
                ],
              ],
              ID [
                "RULE",
              ],
            ],
          ],
        ],
      ],
    ],
    RULE [
      ID [
        "RULEEX",
      ],
      EXP [
        ALT [
          SEQ [
            TYPE [
              ALT [
                SEQ [
                  ID [
                    "EX1",
                  ],
                ],
              ],
              ID [
                "EXP",
              ],
            ],
          ],
        ],
      ],
    ],
    RULE [
      ID [
        "EX1",
      ],
      EXP [
        ALT [
          SEQ [
            TYPE [
              ALT [
                SEQ [
                  ID [
                    "EX2",
                  ],
                  REPEAT [
                    GROUP [
                      ALT [
                        SEQ [
                          STRING [
                            "/",
                          ],
                          ID [
                            "EX2",
                          ],
                        ],
                      ],
                    ],
                  ],
                ],
              ],
              ID [
                "ALT",
              ],
            ],
          ],
        ],
      ],
    ],
    RULE [
      ID [
        "EX2",
      ],
      EXP [
        ALT [
          SEQ [
            TYPE [
              ALT [
                SEQ [
                  ID [
                    "EX3",
                  ],
                  REPEAT [
                    ID [
                      "EX3",
                    ],
                  ],
                ],
              ],
              ID [
                "SEQ",
              ],
            ],
          ],
        ],
      ],
    ],
    RULE [
      ID [
        "EX3",
      ],
      EXP [
        ALT [
          SEQ [
            TYPE [
              ALT [
                SEQ [
                  TYPE [
                    ALT [
                      SEQ [
                        LITERAL [
                          ".ID",
                        ],
                      ],
                    ],
                    ID [
                      "ID",
                    ],
                  ],
                ],
                SEQ [
                  TYPE [
                    ALT [
                      SEQ [
                        LITERAL [
                          ".STRING",
                        ],
                      ],
                    ],
                    ID [
                      "STRING",
                    ],
                  ],
                ],
                SEQ [
                  TYPE [
                    ALT [
                      SEQ [
                        STRING [
                          ".ID",
                        ],
                      ],
                    ],
                    ID [
                      "LITERAL",
                    ],
                  ],
                ],
                SEQ [
                  TYPE [
                    ALT [
                      SEQ [
                        STRING [
                          ".NUMBER",
                        ],
                      ],
                    ],
                    ID [
                      "LITERAL",
                    ],
                  ],
                ],
                SEQ [
                  TYPE [
                    ALT [
                      SEQ [
                        STRING [
                          ".STRING",
                        ],
                      ],
                    ],
                    ID [
                      "LITERAL",
                    ],
                  ],
                ],
                SEQ [
                  TYPE [
                    ALT [
                      SEQ [
                        STRING [
                          "(",
                        ],
                        ID [
                          "EX1",
                        ],
                        STRING [
                          ")",
                        ],
                      ],
                    ],
                    ID [
                      "GROUP",
                    ],
                  ],
                ],
                SEQ [
                  TYPE [
                    ALT [
                      SEQ [
                        STRING [
                          "{",
                        ],
                        ID [
                          "EX1",
                        ],
                        STRING [
                          ":",
                        ],
                        LITERAL [
                          ".ID",
                        ],
                        STRING [
                          "}",
                        ],
                      ],
                    ],
                    ID [
                      "TYPE",
                    ],
                  ],
                ],
                SEQ [
                  TYPE [
                    ALT [
                      SEQ [
                        STRING [
                          ".EMPTY",
                        ],
                      ],
                    ],
                    ID [
                      "LITERAL",
                    ],
                  ],
                ],
                SEQ [
                  TYPE [
                    ALT [
                      SEQ [
                        STRING [
                          "$",
                        ],
                        ID [
                          "EX3",
                        ],
                      ],
                    ],
                    ID [
                      "REPEAT",
                    ],
                  ],
                ],
              ],
              ID [
                "TERM",
              ],
            ],
          ],
        ],
      ],
    ],
  ],
]
`;
